
Copyright (C) 1994-2025 Synopsys, Inc.
This Synopsys software and all associated documentation are proprietary to Synopsys, Inc.
and may only be used pursuant to the terms and conditions of a written license agreement
with Synopsys, Inc. All other use, reproduction, modification, or distribution of the
Synopsys software or the associated documentation is strictly prohibited.
Tool: Synplify Pro (R)
Build: W-2025.03LR-SP1
Install: C:\lscc\radiant\2025.2\synpbase
OS: Windows 10 or later
Hostname: ZBOOKNB

Implementation : impl_1
Synopsys HDL compiler and linker, Version comp202503synp2, Build 178R, Built Nov 11 2025 09:38:30, @

Modified Files: 5
FID:  path (prevtimestamp, timestamp)
64       C:\Users\Bernhard\my_designs\mira_test\source\impl_1\frame_buf.vhd (2026-07-06 07:20:55, 2026-07-07 10:22:32)
69       C:\Users\Bernhard\my_designs\mira_test\source\impl_1\img_mean_std.vhd (2026-05-23 00:19:12, 2026-07-07 10:46:40)
63       C:\Users\Bernhard\my_designs\mira_test\source\impl_1\mipi_rx.vhd (2026-05-23 00:22:31, 2026-07-07 08:34:43)
2        C:\Users\Bernhard\my_designs\mira_test\source\impl_1\mira_test_top.vhd (2026-07-06 08:21:09, 2026-07-07 10:23:34)
70       C:\Users\Bernhard\my_designs\mira_test\source\impl_1\process_image.vhd (2026-05-23 00:19:06, 2026-07-07 10:27:36)

*******************************************************************
Modules that may have changed as a result of file changes: 123
MID:  lib.cell.view
2        work.ebr_addr_pipe.verilog may have changed because the following files changed:
                        C:\Users\Bernhard\my_designs\mira_test\source\impl_1\mipi_rx.vhd (2026-05-23 00:22:31, 2026-07-07 08:34:43) <-- (may instantiate this module)
                        C:\Users\Bernhard\my_designs\mira_test\source\impl_1\mira_test_top.vhd (2026-07-06 08:21:09, 2026-07-07 10:23:34) <-- (may instantiate this module)
                        C:\Users\Bernhard\my_designs\mira_test\source\impl_1\process_image.vhd (2026-05-23 00:19:06, 2026-07-07 10:27:36) <-- (may instantiate this module)
3        work.ebr_read_mux.verilog may have changed because the following files changed:
                        C:\Users\Bernhard\my_designs\mira_test\source\impl_1\mipi_rx.vhd (2026-05-23 00:22:31, 2026-07-07 08:34:43) <-- (may instantiate this module)
                        C:\Users\Bernhard\my_designs\mira_test\source\impl_1\mira_test_top.vhd (2026-07-06 08:21:09, 2026-07-07 10:23:34) <-- (may instantiate this module)
                        C:\Users\Bernhard\my_designs\mira_test\source\impl_1\process_image.vhd (2026-05-23 00:19:06, 2026-07-07 10:27:36) <-- (may instantiate this module)
111      work.frame_buf.architecture_frame_buf may have changed because the following files changed:
                        C:\Users\Bernhard\my_designs\mira_test\source\impl_1\frame_buf.vhd (2026-07-06 07:20:55, 2026-07-07 10:22:32) <-- (architecture and entity definition)
                        C:\Users\Bernhard\my_designs\mira_test\source\impl_1\mira_test_top.vhd (2026-07-06 08:21:09, 2026-07-07 10:23:34) <-- (may instantiate this module)
121      work.img_mean_std.architecture_img_mean_std may have changed because the following files changed:
                        C:\Users\Bernhard\my_designs\mira_test\source\impl_1\img_mean_std.vhd (2026-05-23 00:19:12, 2026-07-07 10:46:40) <-- (architecture and entity definition)
                        C:\Users\Bernhard\my_designs\mira_test\source\impl_1\mira_test_top.vhd (2026-07-06 08:21:09, 2026-07-07 10:23:34) <-- (may instantiate this module)
                        C:\Users\Bernhard\my_designs\mira_test\source\impl_1\process_image.vhd (2026-05-23 00:19:06, 2026-07-07 10:27:36) <-- (may instantiate this module)
4        work.lscc_add_sub.verilog may have changed because the following files changed:
                        C:\Users\Bernhard\my_designs\mira_test\source\impl_1\mipi_rx.vhd (2026-05-23 00:22:31, 2026-07-07 08:34:43) <-- (may instantiate this module)
                        C:\Users\Bernhard\my_designs\mira_test\source\impl_1\mira_test_top.vhd (2026-07-06 08:21:09, 2026-07-07 10:23:34) <-- (may instantiate this module)
                        C:\Users\Bernhard\my_designs\mira_test\source\impl_1\process_image.vhd (2026-05-23 00:19:06, 2026-07-07 10:27:36) <-- (may instantiate this module)
5        work.lscc_adder.verilog may have changed because the following files changed:
                        C:\Users\Bernhard\my_designs\mira_test\source\impl_1\mipi_rx.vhd (2026-05-23 00:22:31, 2026-07-07 08:34:43) <-- (may instantiate this module)
                        C:\Users\Bernhard\my_designs\mira_test\source\impl_1\mira_test_top.vhd (2026-07-06 08:21:09, 2026-07-07 10:23:34) <-- (may instantiate this module)
                        C:\Users\Bernhard\my_designs\mira_test\source\impl_1\process_image.vhd (2026-05-23 00:19:06, 2026-07-07 10:27:36) <-- (may instantiate this module)
6        work.lscc_cntr.verilog may have changed because the following files changed:
                        C:\Users\Bernhard\my_designs\mira_test\source\impl_1\mipi_rx.vhd (2026-05-23 00:22:31, 2026-07-07 08:34:43) <-- (may instantiate this module)
                        C:\Users\Bernhard\my_designs\mira_test\source\impl_1\mira_test_top.vhd (2026-07-06 08:21:09, 2026-07-07 10:23:34) <-- (may instantiate this module)
                        C:\Users\Bernhard\my_designs\mira_test\source\impl_1\process_image.vhd (2026-05-23 00:19:06, 2026-07-07 10:27:36) <-- (may instantiate this module)
7        work.lscc_complex_mult.verilog may have changed because the following files changed:
                        C:\Users\Bernhard\my_designs\mira_test\source\impl_1\mipi_rx.vhd (2026-05-23 00:22:31, 2026-07-07 08:34:43) <-- (may instantiate this module)
                        C:\Users\Bernhard\my_designs\mira_test\source\impl_1\mira_test_top.vhd (2026-07-06 08:21:09, 2026-07-07 10:23:34) <-- (may instantiate this module)
                        C:\Users\Bernhard\my_designs\mira_test\source\impl_1\process_image.vhd (2026-05-23 00:19:06, 2026-07-07 10:27:36) <-- (may instantiate this module)
8        work.lscc_distributed_dpram.verilog may have changed because the following files changed:
                        C:\Users\Bernhard\my_designs\mira_test\source\impl_1\mipi_rx.vhd (2026-05-23 00:22:31, 2026-07-07 08:34:43) <-- (may instantiate this module)
                        C:\Users\Bernhard\my_designs\mira_test\source\impl_1\mira_test_top.vhd (2026-07-06 08:21:09, 2026-07-07 10:23:34) <-- (may instantiate this module)
                        C:\Users\Bernhard\my_designs\mira_test\source\impl_1\process_image.vhd (2026-05-23 00:19:06, 2026-07-07 10:27:36) <-- (may instantiate this module)
9        work.lscc_distributed_rom.verilog may have changed because the following files changed:
                        C:\Users\Bernhard\my_designs\mira_test\source\impl_1\mipi_rx.vhd (2026-05-23 00:22:31, 2026-07-07 08:34:43) <-- (may instantiate this module)
                        C:\Users\Bernhard\my_designs\mira_test\source\impl_1\mira_test_top.vhd (2026-07-06 08:21:09, 2026-07-07 10:23:34) <-- (may instantiate this module)
                        C:\Users\Bernhard\my_designs\mira_test\source\impl_1\process_image.vhd (2026-05-23 00:19:06, 2026-07-07 10:27:36) <-- (may instantiate this module)
10       work.lscc_distributed_spram.verilog may have changed because the following files changed:
                        C:\Users\Bernhard\my_designs\mira_test\source\impl_1\mipi_rx.vhd (2026-05-23 00:22:31, 2026-07-07 08:34:43) <-- (may instantiate this module)
                        C:\Users\Bernhard\my_designs\mira_test\source\impl_1\mira_test_top.vhd (2026-07-06 08:21:09, 2026-07-07 10:23:34) <-- (may instantiate this module)
                        C:\Users\Bernhard\my_designs\mira_test\source\impl_1\process_image.vhd (2026-05-23 00:19:06, 2026-07-07 10:27:36) <-- (may instantiate this module)
11       work.lscc_fifo.verilog may have changed because the following files changed:
                        C:\Users\Bernhard\my_designs\mira_test\source\impl_1\mipi_rx.vhd (2026-05-23 00:22:31, 2026-07-07 08:34:43) <-- (may instantiate this module)
                        C:\Users\Bernhard\my_designs\mira_test\source\impl_1\mira_test_top.vhd (2026-07-06 08:21:09, 2026-07-07 10:23:34) <-- (may instantiate this module)
                        C:\Users\Bernhard\my_designs\mira_test\source\impl_1\process_image.vhd (2026-05-23 00:19:06, 2026-07-07 10:27:36) <-- (may instantiate this module)
12       work.lscc_fifo_dc.verilog may have changed because the following files changed:
                        C:\Users\Bernhard\my_designs\mira_test\source\impl_1\mipi_rx.vhd (2026-05-23 00:22:31, 2026-07-07 08:34:43) <-- (may instantiate this module)
                        C:\Users\Bernhard\my_designs\mira_test\source\impl_1\mira_test_top.vhd (2026-07-06 08:21:09, 2026-07-07 10:23:34) <-- (may instantiate this module)
                        C:\Users\Bernhard\my_designs\mira_test\source\impl_1\process_image.vhd (2026-05-23 00:19:06, 2026-07-07 10:27:36) <-- (may instantiate this module)
13       work.lscc_fifo_dc_fwft_fabric.verilog may have changed because the following files changed:
                        C:\Users\Bernhard\my_designs\mira_test\source\impl_1\mipi_rx.vhd (2026-05-23 00:22:31, 2026-07-07 08:34:43) <-- (may instantiate this module)
                        C:\Users\Bernhard\my_designs\mira_test\source\impl_1\mira_test_top.vhd (2026-07-06 08:21:09, 2026-07-07 10:23:34) <-- (may instantiate this module)
                        C:\Users\Bernhard\my_designs\mira_test\source\impl_1\process_image.vhd (2026-05-23 00:19:06, 2026-07-07 10:27:36) <-- (may instantiate this module)
14       work.lscc_fifo_dc_hw_core.verilog may have changed because the following files changed:
                        C:\Users\Bernhard\my_designs\mira_test\source\impl_1\mipi_rx.vhd (2026-05-23 00:22:31, 2026-07-07 08:34:43) <-- (may instantiate this module)
                        C:\Users\Bernhard\my_designs\mira_test\source\impl_1\mira_test_top.vhd (2026-07-06 08:21:09, 2026-07-07 10:23:34) <-- (may instantiate this module)
                        C:\Users\Bernhard\my_designs\mira_test\source\impl_1\process_image.vhd (2026-05-23 00:19:06, 2026-07-07 10:27:36) <-- (may instantiate this module)
15       work.lscc_fifo_dc_main.verilog may have changed because the following files changed:
                        C:\Users\Bernhard\my_designs\mira_test\source\impl_1\mipi_rx.vhd (2026-05-23 00:22:31, 2026-07-07 08:34:43) <-- (may instantiate this module)
                        C:\Users\Bernhard\my_designs\mira_test\source\impl_1\mira_test_top.vhd (2026-07-06 08:21:09, 2026-07-07 10:23:34) <-- (may instantiate this module)
                        C:\Users\Bernhard\my_designs\mira_test\source\impl_1\process_image.vhd (2026-05-23 00:19:06, 2026-07-07 10:27:36) <-- (may instantiate this module)
16       work.lscc_fifo_fwft_fabric.verilog may have changed because the following files changed:
                        C:\Users\Bernhard\my_designs\mira_test\source\impl_1\mipi_rx.vhd (2026-05-23 00:22:31, 2026-07-07 08:34:43) <-- (may instantiate this module)
                        C:\Users\Bernhard\my_designs\mira_test\source\impl_1\mira_test_top.vhd (2026-07-06 08:21:09, 2026-07-07 10:23:34) <-- (may instantiate this module)
                        C:\Users\Bernhard\my_designs\mira_test\source\impl_1\process_image.vhd (2026-05-23 00:19:06, 2026-07-07 10:27:36) <-- (may instantiate this module)
17       work.lscc_fifo_hw_core.verilog may have changed because the following files changed:
                        C:\Users\Bernhard\my_designs\mira_test\source\impl_1\mipi_rx.vhd (2026-05-23 00:22:31, 2026-07-07 08:34:43) <-- (may instantiate this module)
                        C:\Users\Bernhard\my_designs\mira_test\source\impl_1\mira_test_top.vhd (2026-07-06 08:21:09, 2026-07-07 10:23:34) <-- (may instantiate this module)
                        C:\Users\Bernhard\my_designs\mira_test\source\impl_1\process_image.vhd (2026-05-23 00:19:06, 2026-07-07 10:27:36) <-- (may instantiate this module)
18       work.lscc_fifo_main.verilog may have changed because the following files changed:
                        C:\Users\Bernhard\my_designs\mira_test\source\impl_1\mipi_rx.vhd (2026-05-23 00:22:31, 2026-07-07 08:34:43) <-- (may instantiate this module)
                        C:\Users\Bernhard\my_designs\mira_test\source\impl_1\mira_test_top.vhd (2026-07-06 08:21:09, 2026-07-07 10:23:34) <-- (may instantiate this module)
                        C:\Users\Bernhard\my_designs\mira_test\source\impl_1\process_image.vhd (2026-05-23 00:19:06, 2026-07-07 10:27:36) <-- (may instantiate this module)
19       work.lscc_fifo_mem_core.verilog may have changed because the following files changed:
                        C:\Users\Bernhard\my_designs\mira_test\source\impl_1\mipi_rx.vhd (2026-05-23 00:22:31, 2026-07-07 08:34:43) <-- (may instantiate this module)
                        C:\Users\Bernhard\my_designs\mira_test\source\impl_1\mira_test_top.vhd (2026-07-06 08:21:09, 2026-07-07 10:23:34) <-- (may instantiate this module)
                        C:\Users\Bernhard\my_designs\mira_test\source\impl_1\process_image.vhd (2026-05-23 00:19:06, 2026-07-07 10:27:36) <-- (may instantiate this module)
20       work.lscc_fifo_mem_main.verilog may have changed because the following files changed:
                        C:\Users\Bernhard\my_designs\mira_test\source\impl_1\mipi_rx.vhd (2026-05-23 00:22:31, 2026-07-07 08:34:43) <-- (may instantiate this module)
                        C:\Users\Bernhard\my_designs\mira_test\source\impl_1\mira_test_top.vhd (2026-07-06 08:21:09, 2026-07-07 10:23:34) <-- (may instantiate this module)
                        C:\Users\Bernhard\my_designs\mira_test\source\impl_1\process_image.vhd (2026-05-23 00:19:06, 2026-07-07 10:27:36) <-- (may instantiate this module)
21       work.lscc_fifo_soft_mem.verilog may have changed because the following files changed:
                        C:\Users\Bernhard\my_designs\mira_test\source\impl_1\mipi_rx.vhd (2026-05-23 00:22:31, 2026-07-07 08:34:43) <-- (may instantiate this module)
                        C:\Users\Bernhard\my_designs\mira_test\source\impl_1\mira_test_top.vhd (2026-07-06 08:21:09, 2026-07-07 10:23:34) <-- (may instantiate this module)
                        C:\Users\Bernhard\my_designs\mira_test\source\impl_1\process_image.vhd (2026-05-23 00:19:06, 2026-07-07 10:27:36) <-- (may instantiate this module)
22       work.lscc_hard_fifo.verilog may have changed because the following files changed:
                        C:\Users\Bernhard\my_designs\mira_test\source\impl_1\mipi_rx.vhd (2026-05-23 00:22:31, 2026-07-07 08:34:43) <-- (may instantiate this module)
                        C:\Users\Bernhard\my_designs\mira_test\source\impl_1\mira_test_top.vhd (2026-07-06 08:21:09, 2026-07-07 10:23:34) <-- (may instantiate this module)
                        C:\Users\Bernhard\my_designs\mira_test\source\impl_1\process_image.vhd (2026-05-23 00:19:06, 2026-07-07 10:27:36) <-- (may instantiate this module)
23       work.lscc_hard_fifo_dc.verilog may have changed because the following files changed:
                        C:\Users\Bernhard\my_designs\mira_test\source\impl_1\mipi_rx.vhd (2026-05-23 00:22:31, 2026-07-07 08:34:43) <-- (may instantiate this module)
                        C:\Users\Bernhard\my_designs\mira_test\source\impl_1\mira_test_top.vhd (2026-07-06 08:21:09, 2026-07-07 10:23:34) <-- (may instantiate this module)
                        C:\Users\Bernhard\my_designs\mira_test\source\impl_1\process_image.vhd (2026-05-23 00:19:06, 2026-07-07 10:27:36) <-- (may instantiate this module)
24       work.lscc_lfmxo4_ram_dp.verilog may have changed because the following files changed:
                        C:\Users\Bernhard\my_designs\mira_test\source\impl_1\mipi_rx.vhd (2026-05-23 00:22:31, 2026-07-07 08:34:43) <-- (may instantiate this module)
                        C:\Users\Bernhard\my_designs\mira_test\source\impl_1\mira_test_top.vhd (2026-07-06 08:21:09, 2026-07-07 10:23:34) <-- (may instantiate this module)
                        C:\Users\Bernhard\my_designs\mira_test\source\impl_1\process_image.vhd (2026-05-23 00:19:06, 2026-07-07 10:27:36) <-- (may instantiate this module)
25       work.lscc_lfmxo4_ram_dp_core.verilog may have changed because the following files changed:
                        C:\Users\Bernhard\my_designs\mira_test\source\impl_1\mipi_rx.vhd (2026-05-23 00:22:31, 2026-07-07 08:34:43) <-- (may instantiate this module)
                        C:\Users\Bernhard\my_designs\mira_test\source\impl_1\mira_test_top.vhd (2026-07-06 08:21:09, 2026-07-07 10:23:34) <-- (may instantiate this module)
                        C:\Users\Bernhard\my_designs\mira_test\source\impl_1\process_image.vhd (2026-05-23 00:19:06, 2026-07-07 10:27:36) <-- (may instantiate this module)
26       work.lscc_lfmxo4_ram_dp_main.verilog may have changed because the following files changed:
                        C:\Users\Bernhard\my_designs\mira_test\source\impl_1\mipi_rx.vhd (2026-05-23 00:22:31, 2026-07-07 08:34:43) <-- (may instantiate this module)
                        C:\Users\Bernhard\my_designs\mira_test\source\impl_1\mira_test_top.vhd (2026-07-06 08:21:09, 2026-07-07 10:23:34) <-- (may instantiate this module)
                        C:\Users\Bernhard\my_designs\mira_test\source\impl_1\process_image.vhd (2026-05-23 00:19:06, 2026-07-07 10:27:36) <-- (may instantiate this module)
27       work.lscc_lfmxo4_ram_dp_true.verilog may have changed because the following files changed:
                        C:\Users\Bernhard\my_designs\mira_test\source\impl_1\mipi_rx.vhd (2026-05-23 00:22:31, 2026-07-07 08:34:43) <-- (may instantiate this module)
                        C:\Users\Bernhard\my_designs\mira_test\source\impl_1\mira_test_top.vhd (2026-07-06 08:21:09, 2026-07-07 10:23:34) <-- (may instantiate this module)
                        C:\Users\Bernhard\my_designs\mira_test\source\impl_1\process_image.vhd (2026-05-23 00:19:06, 2026-07-07 10:27:36) <-- (may instantiate this module)
28       work.lscc_lfmxo4_ram_dp_true_core.verilog may have changed because the following files changed:
                        C:\Users\Bernhard\my_designs\mira_test\source\impl_1\mipi_rx.vhd (2026-05-23 00:22:31, 2026-07-07 08:34:43) <-- (may instantiate this module)
                        C:\Users\Bernhard\my_designs\mira_test\source\impl_1\mira_test_top.vhd (2026-07-06 08:21:09, 2026-07-07 10:23:34) <-- (may instantiate this module)
                        C:\Users\Bernhard\my_designs\mira_test\source\impl_1\process_image.vhd (2026-05-23 00:19:06, 2026-07-07 10:27:36) <-- (may instantiate this module)
29       work.lscc_lfmxo4_ram_dp_true_inst.verilog may have changed because the following files changed:
                        C:\Users\Bernhard\my_designs\mira_test\source\impl_1\mipi_rx.vhd (2026-05-23 00:22:31, 2026-07-07 08:34:43) <-- (may instantiate this module)
                        C:\Users\Bernhard\my_designs\mira_test\source\impl_1\mira_test_top.vhd (2026-07-06 08:21:09, 2026-07-07 10:23:34) <-- (may instantiate this module)
                        C:\Users\Bernhard\my_designs\mira_test\source\impl_1\process_image.vhd (2026-05-23 00:19:06, 2026-07-07 10:27:36) <-- (may instantiate this module)
30       work.lscc_lfmxo4_ram_dp_true_main.verilog may have changed because the following files changed:
                        C:\Users\Bernhard\my_designs\mira_test\source\impl_1\mipi_rx.vhd (2026-05-23 00:22:31, 2026-07-07 08:34:43) <-- (may instantiate this module)
                        C:\Users\Bernhard\my_designs\mira_test\source\impl_1\mira_test_top.vhd (2026-07-06 08:21:09, 2026-07-07 10:23:34) <-- (may instantiate this module)
                        C:\Users\Bernhard\my_designs\mira_test\source\impl_1\process_image.vhd (2026-05-23 00:19:06, 2026-07-07 10:27:36) <-- (may instantiate this module)
31       work.lscc_lfmxo4_ram_dq.verilog may have changed because the following files changed:
                        C:\Users\Bernhard\my_designs\mira_test\source\impl_1\mipi_rx.vhd (2026-05-23 00:22:31, 2026-07-07 08:34:43) <-- (may instantiate this module)
                        C:\Users\Bernhard\my_designs\mira_test\source\impl_1\mira_test_top.vhd (2026-07-06 08:21:09, 2026-07-07 10:23:34) <-- (may instantiate this module)
                        C:\Users\Bernhard\my_designs\mira_test\source\impl_1\process_image.vhd (2026-05-23 00:19:06, 2026-07-07 10:27:36) <-- (may instantiate this module)
32       work.lscc_lfmxo4_ram_dq_core.verilog may have changed because the following files changed:
                        C:\Users\Bernhard\my_designs\mira_test\source\impl_1\mipi_rx.vhd (2026-05-23 00:22:31, 2026-07-07 08:34:43) <-- (may instantiate this module)
                        C:\Users\Bernhard\my_designs\mira_test\source\impl_1\mira_test_top.vhd (2026-07-06 08:21:09, 2026-07-07 10:23:34) <-- (may instantiate this module)
                        C:\Users\Bernhard\my_designs\mira_test\source\impl_1\process_image.vhd (2026-05-23 00:19:06, 2026-07-07 10:27:36) <-- (may instantiate this module)
33       work.lscc_lfmxo4_ram_dq_inst.verilog may have changed because the following files changed:
                        C:\Users\Bernhard\my_designs\mira_test\source\impl_1\mipi_rx.vhd (2026-05-23 00:22:31, 2026-07-07 08:34:43) <-- (may instantiate this module)
                        C:\Users\Bernhard\my_designs\mira_test\source\impl_1\mira_test_top.vhd (2026-07-06 08:21:09, 2026-07-07 10:23:34) <-- (may instantiate this module)
                        C:\Users\Bernhard\my_designs\mira_test\source\impl_1\process_image.vhd (2026-05-23 00:19:06, 2026-07-07 10:27:36) <-- (may instantiate this module)
34       work.lscc_lfmxo4_ram_dq_main.verilog may have changed because the following files changed:
                        C:\Users\Bernhard\my_designs\mira_test\source\impl_1\mipi_rx.vhd (2026-05-23 00:22:31, 2026-07-07 08:34:43) <-- (may instantiate this module)
                        C:\Users\Bernhard\my_designs\mira_test\source\impl_1\mira_test_top.vhd (2026-07-06 08:21:09, 2026-07-07 10:23:34) <-- (may instantiate this module)
                        C:\Users\Bernhard\my_designs\mira_test\source\impl_1\process_image.vhd (2026-05-23 00:19:06, 2026-07-07 10:27:36) <-- (may instantiate this module)
35       work.lscc_lfmxo4_write_through.verilog may have changed because the following files changed:
                        C:\Users\Bernhard\my_designs\mira_test\source\impl_1\mipi_rx.vhd (2026-05-23 00:22:31, 2026-07-07 08:34:43) <-- (may instantiate this module)
                        C:\Users\Bernhard\my_designs\mira_test\source\impl_1\mira_test_top.vhd (2026-07-06 08:21:09, 2026-07-07 10:23:34) <-- (may instantiate this module)
                        C:\Users\Bernhard\my_designs\mira_test\source\impl_1\process_image.vhd (2026-05-23 00:19:06, 2026-07-07 10:27:36) <-- (may instantiate this module)
36       work.lscc_lfxo4_ram_dp_true_addr_pipe.verilog may have changed because the following files changed:
                        C:\Users\Bernhard\my_designs\mira_test\source\impl_1\mipi_rx.vhd (2026-05-23 00:22:31, 2026-07-07 08:34:43) <-- (may instantiate this module)
                        C:\Users\Bernhard\my_designs\mira_test\source\impl_1\mira_test_top.vhd (2026-07-06 08:21:09, 2026-07-07 10:23:34) <-- (may instantiate this module)
                        C:\Users\Bernhard\my_designs\mira_test\source\impl_1\process_image.vhd (2026-05-23 00:19:06, 2026-07-07 10:27:36) <-- (may instantiate this module)
37       work.lscc_lfxo4_ram_dp_true_read_mux.verilog may have changed because the following files changed:
                        C:\Users\Bernhard\my_designs\mira_test\source\impl_1\mipi_rx.vhd (2026-05-23 00:22:31, 2026-07-07 08:34:43) <-- (may instantiate this module)
                        C:\Users\Bernhard\my_designs\mira_test\source\impl_1\mira_test_top.vhd (2026-07-06 08:21:09, 2026-07-07 10:23:34) <-- (may instantiate this module)
                        C:\Users\Bernhard\my_designs\mira_test\source\impl_1\process_image.vhd (2026-05-23 00:19:06, 2026-07-07 10:27:36) <-- (may instantiate this module)
38       work.lscc_mult_accumulate.verilog may have changed because the following files changed:
                        C:\Users\Bernhard\my_designs\mira_test\source\impl_1\mipi_rx.vhd (2026-05-23 00:22:31, 2026-07-07 08:34:43) <-- (may instantiate this module)
                        C:\Users\Bernhard\my_designs\mira_test\source\impl_1\mira_test_top.vhd (2026-07-06 08:21:09, 2026-07-07 10:23:34) <-- (may instantiate this module)
                        C:\Users\Bernhard\my_designs\mira_test\source\impl_1\process_image.vhd (2026-05-23 00:19:06, 2026-07-07 10:27:36) <-- (may instantiate this module)
39       work.lscc_mult_add_sub.verilog may have changed because the following files changed:
                        C:\Users\Bernhard\my_designs\mira_test\source\impl_1\mipi_rx.vhd (2026-05-23 00:22:31, 2026-07-07 08:34:43) <-- (may instantiate this module)
                        C:\Users\Bernhard\my_designs\mira_test\source\impl_1\mira_test_top.vhd (2026-07-06 08:21:09, 2026-07-07 10:23:34) <-- (may instantiate this module)
                        C:\Users\Bernhard\my_designs\mira_test\source\impl_1\process_image.vhd (2026-05-23 00:19:06, 2026-07-07 10:27:36) <-- (may instantiate this module)
40       work.lscc_mult_add_sub_sum.verilog may have changed because the following files changed:
                        C:\Users\Bernhard\my_designs\mira_test\source\impl_1\mipi_rx.vhd (2026-05-23 00:22:31, 2026-07-07 08:34:43) <-- (may instantiate this module)
                        C:\Users\Bernhard\my_designs\mira_test\source\impl_1\mira_test_top.vhd (2026-07-06 08:21:09, 2026-07-07 10:23:34) <-- (may instantiate this module)
                        C:\Users\Bernhard\my_designs\mira_test\source\impl_1\process_image.vhd (2026-05-23 00:19:06, 2026-07-07 10:27:36) <-- (may instantiate this module)
41       work.lscc_multiplier.verilog may have changed because the following files changed:
                        C:\Users\Bernhard\my_designs\mira_test\source\impl_1\mipi_rx.vhd (2026-05-23 00:22:31, 2026-07-07 08:34:43) <-- (may instantiate this module)
                        C:\Users\Bernhard\my_designs\mira_test\source\impl_1\mira_test_top.vhd (2026-07-06 08:21:09, 2026-07-07 10:23:34) <-- (may instantiate this module)
                        C:\Users\Bernhard\my_designs\mira_test\source\impl_1\process_image.vhd (2026-05-23 00:19:06, 2026-07-07 10:27:36) <-- (may instantiate this module)
42       work.lscc_multiplier_dsp.verilog may have changed because the following files changed:
                        C:\Users\Bernhard\my_designs\mira_test\source\impl_1\mipi_rx.vhd (2026-05-23 00:22:31, 2026-07-07 08:34:43) <-- (may instantiate this module)
                        C:\Users\Bernhard\my_designs\mira_test\source\impl_1\mira_test_top.vhd (2026-07-06 08:21:09, 2026-07-07 10:23:34) <-- (may instantiate this module)
                        C:\Users\Bernhard\my_designs\mira_test\source\impl_1\process_image.vhd (2026-05-23 00:19:06, 2026-07-07 10:27:36) <-- (may instantiate this module)
43       work.lscc_multiplier_lut.verilog may have changed because the following files changed:
                        C:\Users\Bernhard\my_designs\mira_test\source\impl_1\mipi_rx.vhd (2026-05-23 00:22:31, 2026-07-07 08:34:43) <-- (may instantiate this module)
                        C:\Users\Bernhard\my_designs\mira_test\source\impl_1\mira_test_top.vhd (2026-07-06 08:21:09, 2026-07-07 10:23:34) <-- (may instantiate this module)
                        C:\Users\Bernhard\my_designs\mira_test\source\impl_1\process_image.vhd (2026-05-23 00:19:06, 2026-07-07 10:27:36) <-- (may instantiate this module)
44       work.lscc_ram_dp.verilog may have changed because the following files changed:
                        C:\Users\Bernhard\my_designs\mira_test\source\impl_1\mipi_rx.vhd (2026-05-23 00:22:31, 2026-07-07 08:34:43) <-- (may instantiate this module)
                        C:\Users\Bernhard\my_designs\mira_test\source\impl_1\mira_test_top.vhd (2026-07-06 08:21:09, 2026-07-07 10:23:34) <-- (may instantiate this module)
                        C:\Users\Bernhard\my_designs\mira_test\source\impl_1\process_image.vhd (2026-05-23 00:19:06, 2026-07-07 10:27:36) <-- (may instantiate this module)
45       work.lscc_ram_dp_core.verilog may have changed because the following files changed:
                        C:\Users\Bernhard\my_designs\mira_test\source\impl_1\mipi_rx.vhd (2026-05-23 00:22:31, 2026-07-07 08:34:43) <-- (may instantiate this module)
                        C:\Users\Bernhard\my_designs\mira_test\source\impl_1\mira_test_top.vhd (2026-07-06 08:21:09, 2026-07-07 10:23:34) <-- (may instantiate this module)
                        C:\Users\Bernhard\my_designs\mira_test\source\impl_1\process_image.vhd (2026-05-23 00:19:06, 2026-07-07 10:27:36) <-- (may instantiate this module)
46       work.lscc_ram_dp_main.verilog may have changed because the following files changed:
                        C:\Users\Bernhard\my_designs\mira_test\source\impl_1\mipi_rx.vhd (2026-05-23 00:22:31, 2026-07-07 08:34:43) <-- (may instantiate this module)
                        C:\Users\Bernhard\my_designs\mira_test\source\impl_1\mira_test_top.vhd (2026-07-06 08:21:09, 2026-07-07 10:23:34) <-- (may instantiate this module)
                        C:\Users\Bernhard\my_designs\mira_test\source\impl_1\process_image.vhd (2026-05-23 00:19:06, 2026-07-07 10:27:36) <-- (may instantiate this module)
47       work.lscc_ram_dp_true.verilog may have changed because the following files changed:
                        C:\Users\Bernhard\my_designs\mira_test\source\impl_1\mipi_rx.vhd (2026-05-23 00:22:31, 2026-07-07 08:34:43) <-- (may instantiate this module)
                        C:\Users\Bernhard\my_designs\mira_test\source\impl_1\mira_test_top.vhd (2026-07-06 08:21:09, 2026-07-07 10:23:34) <-- (may instantiate this module)
                        C:\Users\Bernhard\my_designs\mira_test\source\impl_1\process_image.vhd (2026-05-23 00:19:06, 2026-07-07 10:27:36) <-- (may instantiate this module)
48       work.lscc_ram_dp_true_core.verilog may have changed because the following files changed:
                        C:\Users\Bernhard\my_designs\mira_test\source\impl_1\mipi_rx.vhd (2026-05-23 00:22:31, 2026-07-07 08:34:43) <-- (may instantiate this module)
                        C:\Users\Bernhard\my_designs\mira_test\source\impl_1\mira_test_top.vhd (2026-07-06 08:21:09, 2026-07-07 10:23:34) <-- (may instantiate this module)
                        C:\Users\Bernhard\my_designs\mira_test\source\impl_1\process_image.vhd (2026-05-23 00:19:06, 2026-07-07 10:27:36) <-- (may instantiate this module)
49       work.lscc_ram_dp_true_inst.verilog may have changed because the following files changed:
                        C:\Users\Bernhard\my_designs\mira_test\source\impl_1\mipi_rx.vhd (2026-05-23 00:22:31, 2026-07-07 08:34:43) <-- (may instantiate this module)
                        C:\Users\Bernhard\my_designs\mira_test\source\impl_1\mira_test_top.vhd (2026-07-06 08:21:09, 2026-07-07 10:23:34) <-- (may instantiate this module)
                        C:\Users\Bernhard\my_designs\mira_test\source\impl_1\process_image.vhd (2026-05-23 00:19:06, 2026-07-07 10:27:36) <-- (may instantiate this module)
50       work.lscc_ram_dp_true_main.verilog may have changed because the following files changed:
                        C:\Users\Bernhard\my_designs\mira_test\source\impl_1\mipi_rx.vhd (2026-05-23 00:22:31, 2026-07-07 08:34:43) <-- (may instantiate this module)
                        C:\Users\Bernhard\my_designs\mira_test\source\impl_1\mira_test_top.vhd (2026-07-06 08:21:09, 2026-07-07 10:23:34) <-- (may instantiate this module)
                        C:\Users\Bernhard\my_designs\mira_test\source\impl_1\process_image.vhd (2026-05-23 00:19:06, 2026-07-07 10:27:36) <-- (may instantiate this module)
51       work.lscc_ram_dq.verilog may have changed because the following files changed:
                        C:\Users\Bernhard\my_designs\mira_test\source\impl_1\mipi_rx.vhd (2026-05-23 00:22:31, 2026-07-07 08:34:43) <-- (may instantiate this module)
                        C:\Users\Bernhard\my_designs\mira_test\source\impl_1\mira_test_top.vhd (2026-07-06 08:21:09, 2026-07-07 10:23:34) <-- (may instantiate this module)
                        C:\Users\Bernhard\my_designs\mira_test\source\impl_1\process_image.vhd (2026-05-23 00:19:06, 2026-07-07 10:27:36) <-- (may instantiate this module)
52       work.lscc_ram_dq_core.verilog may have changed because the following files changed:
                        C:\Users\Bernhard\my_designs\mira_test\source\impl_1\mipi_rx.vhd (2026-05-23 00:22:31, 2026-07-07 08:34:43) <-- (may instantiate this module)
                        C:\Users\Bernhard\my_designs\mira_test\source\impl_1\mira_test_top.vhd (2026-07-06 08:21:09, 2026-07-07 10:23:34) <-- (may instantiate this module)
                        C:\Users\Bernhard\my_designs\mira_test\source\impl_1\process_image.vhd (2026-05-23 00:19:06, 2026-07-07 10:27:36) <-- (may instantiate this module)
53       work.lscc_ram_dq_inst.verilog may have changed because the following files changed:
                        C:\Users\Bernhard\my_designs\mira_test\source\impl_1\mipi_rx.vhd (2026-05-23 00:22:31, 2026-07-07 08:34:43) <-- (may instantiate this module)
                        C:\Users\Bernhard\my_designs\mira_test\source\impl_1\mira_test_top.vhd (2026-07-06 08:21:09, 2026-07-07 10:23:34) <-- (may instantiate this module)
                        C:\Users\Bernhard\my_designs\mira_test\source\impl_1\process_image.vhd (2026-05-23 00:19:06, 2026-07-07 10:27:36) <-- (may instantiate this module)
54       work.lscc_ram_dq_main.verilog may have changed because the following files changed:
                        C:\Users\Bernhard\my_designs\mira_test\source\impl_1\mipi_rx.vhd (2026-05-23 00:22:31, 2026-07-07 08:34:43) <-- (may instantiate this module)
                        C:\Users\Bernhard\my_designs\mira_test\source\impl_1\mira_test_top.vhd (2026-07-06 08:21:09, 2026-07-07 10:23:34) <-- (may instantiate this module)
                        C:\Users\Bernhard\my_designs\mira_test\source\impl_1\process_image.vhd (2026-05-23 00:19:06, 2026-07-07 10:27:36) <-- (may instantiate this module)
55       work.lscc_reset_async.verilog may have changed because the following files changed:
                        C:\Users\Bernhard\my_designs\mira_test\source\impl_1\mipi_rx.vhd (2026-05-23 00:22:31, 2026-07-07 08:34:43) <-- (may instantiate this module)
                        C:\Users\Bernhard\my_designs\mira_test\source\impl_1\mira_test_top.vhd (2026-07-06 08:21:09, 2026-07-07 10:23:34) <-- (may instantiate this module)
                        C:\Users\Bernhard\my_designs\mira_test\source\impl_1\process_image.vhd (2026-05-23 00:19:06, 2026-07-07 10:27:36) <-- (may instantiate this module)
56       work.lscc_rom.verilog may have changed because the following files changed:
                        C:\Users\Bernhard\my_designs\mira_test\source\impl_1\mipi_rx.vhd (2026-05-23 00:22:31, 2026-07-07 08:34:43) <-- (may instantiate this module)
                        C:\Users\Bernhard\my_designs\mira_test\source\impl_1\mira_test_top.vhd (2026-07-06 08:21:09, 2026-07-07 10:23:34) <-- (may instantiate this module)
                        C:\Users\Bernhard\my_designs\mira_test\source\impl_1\process_image.vhd (2026-05-23 00:19:06, 2026-07-07 10:27:36) <-- (may instantiate this module)
57       work.lscc_rom_inst.verilog may have changed because the following files changed:
                        C:\Users\Bernhard\my_designs\mira_test\source\impl_1\mipi_rx.vhd (2026-05-23 00:22:31, 2026-07-07 08:34:43) <-- (may instantiate this module)
                        C:\Users\Bernhard\my_designs\mira_test\source\impl_1\mira_test_top.vhd (2026-07-06 08:21:09, 2026-07-07 10:23:34) <-- (may instantiate this module)
                        C:\Users\Bernhard\my_designs\mira_test\source\impl_1\process_image.vhd (2026-05-23 00:19:06, 2026-07-07 10:27:36) <-- (may instantiate this module)
58       work.lscc_rom_inst_core.verilog may have changed because the following files changed:
                        C:\Users\Bernhard\my_designs\mira_test\source\impl_1\mipi_rx.vhd (2026-05-23 00:22:31, 2026-07-07 08:34:43) <-- (may instantiate this module)
                        C:\Users\Bernhard\my_designs\mira_test\source\impl_1\mira_test_top.vhd (2026-07-06 08:21:09, 2026-07-07 10:23:34) <-- (may instantiate this module)
                        C:\Users\Bernhard\my_designs\mira_test\source\impl_1\process_image.vhd (2026-05-23 00:19:06, 2026-07-07 10:27:36) <-- (may instantiate this module)
59       work.lscc_shift_register.verilog may have changed because the following files changed:
                        C:\Users\Bernhard\my_designs\mira_test\source\impl_1\mipi_rx.vhd (2026-05-23 00:22:31, 2026-07-07 08:34:43) <-- (may instantiate this module)
                        C:\Users\Bernhard\my_designs\mira_test\source\impl_1\mira_test_top.vhd (2026-07-06 08:21:09, 2026-07-07 10:23:34) <-- (may instantiate this module)
                        C:\Users\Bernhard\my_designs\mira_test\source\impl_1\process_image.vhd (2026-05-23 00:19:06, 2026-07-07 10:27:36) <-- (may instantiate this module)
60       work.lscc_soft_fifo.verilog may have changed because the following files changed:
                        C:\Users\Bernhard\my_designs\mira_test\source\impl_1\mipi_rx.vhd (2026-05-23 00:22:31, 2026-07-07 08:34:43) <-- (may instantiate this module)
                        C:\Users\Bernhard\my_designs\mira_test\source\impl_1\mira_test_top.vhd (2026-07-06 08:21:09, 2026-07-07 10:23:34) <-- (may instantiate this module)
                        C:\Users\Bernhard\my_designs\mira_test\source\impl_1\process_image.vhd (2026-05-23 00:19:06, 2026-07-07 10:27:36) <-- (may instantiate this module)
61       work.lscc_soft_fifo_dc.verilog may have changed because the following files changed:
                        C:\Users\Bernhard\my_designs\mira_test\source\impl_1\mipi_rx.vhd (2026-05-23 00:22:31, 2026-07-07 08:34:43) <-- (may instantiate this module)
                        C:\Users\Bernhard\my_designs\mira_test\source\impl_1\mira_test_top.vhd (2026-07-06 08:21:09, 2026-07-07 10:23:34) <-- (may instantiate this module)
                        C:\Users\Bernhard\my_designs\mira_test\source\impl_1\process_image.vhd (2026-05-23 00:19:06, 2026-07-07 10:27:36) <-- (may instantiate this module)
62       work.lscc_subtractor.verilog may have changed because the following files changed:
                        C:\Users\Bernhard\my_designs\mira_test\source\impl_1\mipi_rx.vhd (2026-05-23 00:22:31, 2026-07-07 08:34:43) <-- (may instantiate this module)
                        C:\Users\Bernhard\my_designs\mira_test\source\impl_1\mira_test_top.vhd (2026-07-06 08:21:09, 2026-07-07 10:23:34) <-- (may instantiate this module)
                        C:\Users\Bernhard\my_designs\mira_test\source\impl_1\process_image.vhd (2026-05-23 00:19:06, 2026-07-07 10:27:36) <-- (may instantiate this module)
63       work.lscc_write_through.verilog may have changed because the following files changed:
                        C:\Users\Bernhard\my_designs\mira_test\source\impl_1\mipi_rx.vhd (2026-05-23 00:22:31, 2026-07-07 08:34:43) <-- (may instantiate this module)
                        C:\Users\Bernhard\my_designs\mira_test\source\impl_1\mira_test_top.vhd (2026-07-06 08:21:09, 2026-07-07 10:23:34) <-- (may instantiate this module)
                        C:\Users\Bernhard\my_designs\mira_test\source\impl_1\process_image.vhd (2026-05-23 00:19:06, 2026-07-07 10:27:36) <-- (may instantiate this module)
117      work.main_pll.verilog may have changed because the following files changed:
                        C:\Users\Bernhard\my_designs\mira_test\source\impl_1\mira_test_top.vhd (2026-07-06 08:21:09, 2026-07-07 10:23:34) <-- (may instantiate this module)
118      work.main_pll_ipgen_lscc_apb2lmmi.verilog may have changed because the following files changed:
                        C:\Users\Bernhard\my_designs\mira_test\source\impl_1\mira_test_top.vhd (2026-07-06 08:21:09, 2026-07-07 10:23:34) <-- (may instantiate this module)
119      work.main_pll_ipgen_lscc_pll.verilog may have changed because the following files changed:
                        C:\Users\Bernhard\my_designs\mira_test\source\impl_1\mira_test_top.vhd (2026-07-06 08:21:09, 2026-07-07 10:23:34) <-- (may instantiate this module)
120      work.main_pll_ipgen_pll_csr.verilog may have changed because the following files changed:
                        C:\Users\Bernhard\my_designs\mira_test\source\impl_1\mira_test_top.vhd (2026-07-06 08:21:09, 2026-07-07 10:23:34) <-- (may instantiate this module)
98       work.mipi_cross_clk_fifo.verilog may have changed because the following files changed:
                        C:\Users\Bernhard\my_designs\mira_test\source\impl_1\mipi_rx.vhd (2026-05-23 00:22:31, 2026-07-07 08:34:43) <-- (may instantiate this module)
                        C:\Users\Bernhard\my_designs\mira_test\source\impl_1\mira_test_top.vhd (2026-07-06 08:21:09, 2026-07-07 10:23:34) <-- (may instantiate this module)
99       work.mipi_cross_clk_fifo_ipgen_lscc_fifo_dc.verilog may have changed because the following files changed:
                        C:\Users\Bernhard\my_designs\mira_test\source\impl_1\mipi_rx.vhd (2026-05-23 00:22:31, 2026-07-07 08:34:43) <-- (may instantiate this module)
                        C:\Users\Bernhard\my_designs\mira_test\source\impl_1\mira_test_top.vhd (2026-07-06 08:21:09, 2026-07-07 10:23:34) <-- (may instantiate this module)
100      work.mipi_cross_clk_fifo_ipgen_lscc_fifo_dc_fwft_fabric.verilog may have changed because the following files changed:
                        C:\Users\Bernhard\my_designs\mira_test\source\impl_1\mipi_rx.vhd (2026-05-23 00:22:31, 2026-07-07 08:34:43) <-- (may instantiate this module)
                        C:\Users\Bernhard\my_designs\mira_test\source\impl_1\mira_test_top.vhd (2026-07-06 08:21:09, 2026-07-07 10:23:34) <-- (may instantiate this module)
101      work.mipi_cross_clk_fifo_ipgen_lscc_fifo_dc_hw_core.verilog may have changed because the following files changed:
                        C:\Users\Bernhard\my_designs\mira_test\source\impl_1\mipi_rx.vhd (2026-05-23 00:22:31, 2026-07-07 08:34:43) <-- (may instantiate this module)
                        C:\Users\Bernhard\my_designs\mira_test\source\impl_1\mira_test_top.vhd (2026-07-06 08:21:09, 2026-07-07 10:23:34) <-- (may instantiate this module)
102      work.mipi_cross_clk_fifo_ipgen_lscc_fifo_dc_main.verilog may have changed because the following files changed:
                        C:\Users\Bernhard\my_designs\mira_test\source\impl_1\mipi_rx.vhd (2026-05-23 00:22:31, 2026-07-07 08:34:43) <-- (may instantiate this module)
                        C:\Users\Bernhard\my_designs\mira_test\source\impl_1\mira_test_top.vhd (2026-07-06 08:21:09, 2026-07-07 10:23:34) <-- (may instantiate this module)
103      work.mipi_cross_clk_fifo_ipgen_lscc_fifo_mem_core.verilog may have changed because the following files changed:
                        C:\Users\Bernhard\my_designs\mira_test\source\impl_1\mipi_rx.vhd (2026-05-23 00:22:31, 2026-07-07 08:34:43) <-- (may instantiate this module)
                        C:\Users\Bernhard\my_designs\mira_test\source\impl_1\mira_test_top.vhd (2026-07-06 08:21:09, 2026-07-07 10:23:34) <-- (may instantiate this module)
104      work.mipi_cross_clk_fifo_ipgen_lscc_fifo_mem_main.verilog may have changed because the following files changed:
                        C:\Users\Bernhard\my_designs\mira_test\source\impl_1\mipi_rx.vhd (2026-05-23 00:22:31, 2026-07-07 08:34:43) <-- (may instantiate this module)
                        C:\Users\Bernhard\my_designs\mira_test\source\impl_1\mira_test_top.vhd (2026-07-06 08:21:09, 2026-07-07 10:23:34) <-- (may instantiate this module)
105      work.mipi_cross_clk_fifo_ipgen_lscc_fifo_soft_mem.verilog may have changed because the following files changed:
                        C:\Users\Bernhard\my_designs\mira_test\source\impl_1\mipi_rx.vhd (2026-05-23 00:22:31, 2026-07-07 08:34:43) <-- (may instantiate this module)
                        C:\Users\Bernhard\my_designs\mira_test\source\impl_1\mira_test_top.vhd (2026-07-06 08:21:09, 2026-07-07 10:23:34) <-- (may instantiate this module)
106      work.mipi_cross_clk_fifo_ipgen_lscc_hard_fifo_dc.verilog may have changed because the following files changed:
                        C:\Users\Bernhard\my_designs\mira_test\source\impl_1\mipi_rx.vhd (2026-05-23 00:22:31, 2026-07-07 08:34:43) <-- (may instantiate this module)
                        C:\Users\Bernhard\my_designs\mira_test\source\impl_1\mira_test_top.vhd (2026-07-06 08:21:09, 2026-07-07 10:23:34) <-- (may instantiate this module)
107      work.mipi_cross_clk_fifo_ipgen_lscc_reset_async.verilog may have changed because the following files changed:
                        C:\Users\Bernhard\my_designs\mira_test\source\impl_1\mipi_rx.vhd (2026-05-23 00:22:31, 2026-07-07 08:34:43) <-- (may instantiate this module)
                        C:\Users\Bernhard\my_designs\mira_test\source\impl_1\mira_test_top.vhd (2026-07-06 08:21:09, 2026-07-07 10:23:34) <-- (may instantiate this module)
108      work.mipi_cross_clk_fifo_ipgen_lscc_soft_fifo_dc.verilog may have changed because the following files changed:
                        C:\Users\Bernhard\my_designs\mira_test\source\impl_1\mipi_rx.vhd (2026-05-23 00:22:31, 2026-07-07 08:34:43) <-- (may instantiate this module)
                        C:\Users\Bernhard\my_designs\mira_test\source\impl_1\mira_test_top.vhd (2026-07-06 08:21:09, 2026-07-07 10:23:34) <-- (may instantiate this module)
64       work.mipi_dphy_rx.verilog may have changed because the following files changed:
                        C:\Users\Bernhard\my_designs\mira_test\source\impl_1\mipi_rx.vhd (2026-05-23 00:22:31, 2026-07-07 08:34:43) <-- (may instantiate this module)
                        C:\Users\Bernhard\my_designs\mira_test\source\impl_1\mira_test_top.vhd (2026-07-06 08:21:09, 2026-07-07 10:23:34) <-- (may instantiate this module)
65       work.mipi_dphy_rx_ipgen_lscc_apb2lmmi.verilog may have changed because the following files changed:
                        C:\Users\Bernhard\my_designs\mira_test\source\impl_1\mipi_rx.vhd (2026-05-23 00:22:31, 2026-07-07 08:34:43) <-- (may instantiate this module)
                        C:\Users\Bernhard\my_designs\mira_test\source\impl_1\mira_test_top.vhd (2026-07-06 08:21:09, 2026-07-07 10:23:34) <-- (may instantiate this module)
66       work.mipi_dphy_rx_ipgen_lscc_clock_divider.verilog may have changed because the following files changed:
                        C:\Users\Bernhard\my_designs\mira_test\source\impl_1\mipi_rx.vhd (2026-05-23 00:22:31, 2026-07-07 08:34:43) <-- (may instantiate this module)
                        C:\Users\Bernhard\my_designs\mira_test\source\impl_1\mira_test_top.vhd (2026-07-06 08:21:09, 2026-07-07 10:23:34) <-- (may instantiate this module)
67       work.mipi_dphy_rx_ipgen_lscc_gddr_sync.verilog may have changed because the following files changed:
                        C:\Users\Bernhard\my_designs\mira_test\source\impl_1\mipi_rx.vhd (2026-05-23 00:22:31, 2026-07-07 08:34:43) <-- (may instantiate this module)
                        C:\Users\Bernhard\my_designs\mira_test\source\impl_1\mira_test_top.vhd (2026-07-06 08:21:09, 2026-07-07 10:23:34) <-- (may instantiate this module)
68       work.mipi_dphy_rx_ipgen_lscc_mipi_dphy.verilog may have changed because the following files changed:
                        C:\Users\Bernhard\my_designs\mira_test\source\impl_1\mipi_rx.vhd (2026-05-23 00:22:31, 2026-07-07 08:34:43) <-- (may instantiate this module)
                        C:\Users\Bernhard\my_designs\mira_test\source\impl_1\mira_test_top.vhd (2026-07-06 08:21:09, 2026-07-07 10:23:34) <-- (may instantiate this module)
69       work.mipi_dphy_rx_ipgen_lscc_mipi_dphy_soft_rx.verilog may have changed because the following files changed:
                        C:\Users\Bernhard\my_designs\mira_test\source\impl_1\mipi_rx.vhd (2026-05-23 00:22:31, 2026-07-07 08:34:43) <-- (may instantiate this module)
                        C:\Users\Bernhard\my_designs\mira_test\source\impl_1\mira_test_top.vhd (2026-07-06 08:21:09, 2026-07-07 10:23:34) <-- (may instantiate this module)
70       work.mipi_dphy_rx_ipgen_lscc_mipi_dphy_soft_tx.verilog may have changed because the following files changed:
                        C:\Users\Bernhard\my_designs\mira_test\source\impl_1\mipi_rx.vhd (2026-05-23 00:22:31, 2026-07-07 08:34:43) <-- (may instantiate this module)
                        C:\Users\Bernhard\my_designs\mira_test\source\impl_1\mira_test_top.vhd (2026-07-06 08:21:09, 2026-07-07 10:23:34) <-- (may instantiate this module)
71       work.mipi_dphy_rx_ipgen_lscc_mipi_wrapper_rx.verilog may have changed because the following files changed:
                        C:\Users\Bernhard\my_designs\mira_test\source\impl_1\mipi_rx.vhd (2026-05-23 00:22:31, 2026-07-07 08:34:43) <-- (may instantiate this module)
                        C:\Users\Bernhard\my_designs\mira_test\source\impl_1\mira_test_top.vhd (2026-07-06 08:21:09, 2026-07-07 10:23:34) <-- (may instantiate this module)
72       work.mipi_dphy_rx_ipgen_lscc_mipi_wrapper_tx.verilog may have changed because the following files changed:
                        C:\Users\Bernhard\my_designs\mira_test\source\impl_1\mipi_rx.vhd (2026-05-23 00:22:31, 2026-07-07 08:34:43) <-- (may instantiate this module)
                        C:\Users\Bernhard\my_designs\mira_test\source\impl_1\mira_test_top.vhd (2026-07-06 08:21:09, 2026-07-07 10:23:34) <-- (may instantiate this module)
73       work.mipi_dphy_rx_ipgen_lscc_pll.verilog may have changed because the following files changed:
                        C:\Users\Bernhard\my_designs\mira_test\source\impl_1\mipi_rx.vhd (2026-05-23 00:22:31, 2026-07-07 08:34:43) <-- (may instantiate this module)
                        C:\Users\Bernhard\my_designs\mira_test\source\impl_1\mira_test_top.vhd (2026-07-06 08:21:09, 2026-07-07 10:23:34) <-- (may instantiate this module)
74       work.mipi_dphy_rx_ipgen_pll_csr.verilog may have changed because the following files changed:
                        C:\Users\Bernhard\my_designs\mira_test\source\impl_1\mipi_rx.vhd (2026-05-23 00:22:31, 2026-07-07 08:34:43) <-- (may instantiate this module)
                        C:\Users\Bernhard\my_designs\mira_test\source\impl_1\mira_test_top.vhd (2026-07-06 08:21:09, 2026-07-07 10:23:34) <-- (may instantiate this module)
109      work.mipi_rx.architecture_mipi_rx may have changed because the following files changed:
                        C:\Users\Bernhard\my_designs\mira_test\source\impl_1\mipi_rx.vhd (2026-05-23 00:22:31, 2026-07-07 08:34:43) <-- (architecture and entity definition)
                        C:\Users\Bernhard\my_designs\mira_test\source\impl_1\mira_test_top.vhd (2026-07-06 08:21:09, 2026-07-07 10:23:34) <-- (may instantiate this module)
75       work.mira_test_top.architecture_mira_test_top may have changed because the following files changed:
                        C:\Users\Bernhard\my_designs\mira_test\source\impl_1\mira_test_top.vhd (2026-07-06 08:21:09, 2026-07-07 10:23:34) <-- (architecture and entity definition)
77       work.pmi_add.verilog may have changed because the following files changed:
                        C:\Users\Bernhard\my_designs\mira_test\source\impl_1\mipi_rx.vhd (2026-05-23 00:22:31, 2026-07-07 08:34:43) <-- (may instantiate this module)
                        C:\Users\Bernhard\my_designs\mira_test\source\impl_1\mira_test_top.vhd (2026-07-06 08:21:09, 2026-07-07 10:23:34) <-- (may instantiate this module)
                        C:\Users\Bernhard\my_designs\mira_test\source\impl_1\process_image.vhd (2026-05-23 00:19:06, 2026-07-07 10:27:36) <-- (may instantiate this module)
78       work.pmi_addsub.verilog may have changed because the following files changed:
                        C:\Users\Bernhard\my_designs\mira_test\source\impl_1\mipi_rx.vhd (2026-05-23 00:22:31, 2026-07-07 08:34:43) <-- (may instantiate this module)
                        C:\Users\Bernhard\my_designs\mira_test\source\impl_1\mira_test_top.vhd (2026-07-06 08:21:09, 2026-07-07 10:23:34) <-- (may instantiate this module)
                        C:\Users\Bernhard\my_designs\mira_test\source\impl_1\process_image.vhd (2026-05-23 00:19:06, 2026-07-07 10:27:36) <-- (may instantiate this module)
79       work.pmi_complex_mult.verilog may have changed because the following files changed:
                        C:\Users\Bernhard\my_designs\mira_test\source\impl_1\mipi_rx.vhd (2026-05-23 00:22:31, 2026-07-07 08:34:43) <-- (may instantiate this module)
                        C:\Users\Bernhard\my_designs\mira_test\source\impl_1\mira_test_top.vhd (2026-07-06 08:21:09, 2026-07-07 10:23:34) <-- (may instantiate this module)
                        C:\Users\Bernhard\my_designs\mira_test\source\impl_1\process_image.vhd (2026-05-23 00:19:06, 2026-07-07 10:27:36) <-- (may instantiate this module)
80       work.pmi_counter.verilog may have changed because the following files changed:
                        C:\Users\Bernhard\my_designs\mira_test\source\impl_1\mipi_rx.vhd (2026-05-23 00:22:31, 2026-07-07 08:34:43) <-- (may instantiate this module)
                        C:\Users\Bernhard\my_designs\mira_test\source\impl_1\mira_test_top.vhd (2026-07-06 08:21:09, 2026-07-07 10:23:34) <-- (may instantiate this module)
                        C:\Users\Bernhard\my_designs\mira_test\source\impl_1\process_image.vhd (2026-05-23 00:19:06, 2026-07-07 10:27:36) <-- (may instantiate this module)
81       work.pmi_distributed_dpram.verilog may have changed because the following files changed:
                        C:\Users\Bernhard\my_designs\mira_test\source\impl_1\mipi_rx.vhd (2026-05-23 00:22:31, 2026-07-07 08:34:43) <-- (may instantiate this module)
                        C:\Users\Bernhard\my_designs\mira_test\source\impl_1\mira_test_top.vhd (2026-07-06 08:21:09, 2026-07-07 10:23:34) <-- (may instantiate this module)
                        C:\Users\Bernhard\my_designs\mira_test\source\impl_1\process_image.vhd (2026-05-23 00:19:06, 2026-07-07 10:27:36) <-- (may instantiate this module)
82       work.pmi_distributed_rom.verilog may have changed because the following files changed:
                        C:\Users\Bernhard\my_designs\mira_test\source\impl_1\mipi_rx.vhd (2026-05-23 00:22:31, 2026-07-07 08:34:43) <-- (may instantiate this module)
                        C:\Users\Bernhard\my_designs\mira_test\source\impl_1\mira_test_top.vhd (2026-07-06 08:21:09, 2026-07-07 10:23:34) <-- (may instantiate this module)
                        C:\Users\Bernhard\my_designs\mira_test\source\impl_1\process_image.vhd (2026-05-23 00:19:06, 2026-07-07 10:27:36) <-- (may instantiate this module)
83       work.pmi_distributed_shift_reg.verilog may have changed because the following files changed:
                        C:\Users\Bernhard\my_designs\mira_test\source\impl_1\mipi_rx.vhd (2026-05-23 00:22:31, 2026-07-07 08:34:43) <-- (may instantiate this module)
                        C:\Users\Bernhard\my_designs\mira_test\source\impl_1\mira_test_top.vhd (2026-07-06 08:21:09, 2026-07-07 10:23:34) <-- (may instantiate this module)
                        C:\Users\Bernhard\my_designs\mira_test\source\impl_1\process_image.vhd (2026-05-23 00:19:06, 2026-07-07 10:27:36) <-- (may instantiate this module)
84       work.pmi_distributed_spram.verilog may have changed because the following files changed:
                        C:\Users\Bernhard\my_designs\mira_test\source\impl_1\mipi_rx.vhd (2026-05-23 00:22:31, 2026-07-07 08:34:43) <-- (may instantiate this module)
                        C:\Users\Bernhard\my_designs\mira_test\source\impl_1\mira_test_top.vhd (2026-07-06 08:21:09, 2026-07-07 10:23:34) <-- (may instantiate this module)
                        C:\Users\Bernhard\my_designs\mira_test\source\impl_1\process_image.vhd (2026-05-23 00:19:06, 2026-07-07 10:27:36) <-- (may instantiate this module)
85       work.pmi_fifo.verilog may have changed because the following files changed:
                        C:\Users\Bernhard\my_designs\mira_test\source\impl_1\mipi_rx.vhd (2026-05-23 00:22:31, 2026-07-07 08:34:43) <-- (may instantiate this module)
                        C:\Users\Bernhard\my_designs\mira_test\source\impl_1\mira_test_top.vhd (2026-07-06 08:21:09, 2026-07-07 10:23:34) <-- (may instantiate this module)
                        C:\Users\Bernhard\my_designs\mira_test\source\impl_1\process_image.vhd (2026-05-23 00:19:06, 2026-07-07 10:27:36) <-- (may instantiate this module)
86       work.pmi_fifo_dc.verilog may have changed because the following files changed:
                        C:\Users\Bernhard\my_designs\mira_test\source\impl_1\mipi_rx.vhd (2026-05-23 00:22:31, 2026-07-07 08:34:43) <-- (may instantiate this module)
                        C:\Users\Bernhard\my_designs\mira_test\source\impl_1\mira_test_top.vhd (2026-07-06 08:21:09, 2026-07-07 10:23:34) <-- (may instantiate this module)
                        C:\Users\Bernhard\my_designs\mira_test\source\impl_1\process_image.vhd (2026-05-23 00:19:06, 2026-07-07 10:27:36) <-- (may instantiate this module)
87       work.pmi_mac.verilog may have changed because the following files changed:
                        C:\Users\Bernhard\my_designs\mira_test\source\impl_1\mipi_rx.vhd (2026-05-23 00:22:31, 2026-07-07 08:34:43) <-- (may instantiate this module)
                        C:\Users\Bernhard\my_designs\mira_test\source\impl_1\mira_test_top.vhd (2026-07-06 08:21:09, 2026-07-07 10:23:34) <-- (may instantiate this module)
                        C:\Users\Bernhard\my_designs\mira_test\source\impl_1\process_image.vhd (2026-05-23 00:19:06, 2026-07-07 10:27:36) <-- (may instantiate this module)
88       work.pmi_mult.verilog may have changed because the following files changed:
                        C:\Users\Bernhard\my_designs\mira_test\source\impl_1\mipi_rx.vhd (2026-05-23 00:22:31, 2026-07-07 08:34:43) <-- (may instantiate this module)
                        C:\Users\Bernhard\my_designs\mira_test\source\impl_1\mira_test_top.vhd (2026-07-06 08:21:09, 2026-07-07 10:23:34) <-- (may instantiate this module)
                        C:\Users\Bernhard\my_designs\mira_test\source\impl_1\process_image.vhd (2026-05-23 00:19:06, 2026-07-07 10:27:36) <-- (may instantiate this module)
89       work.pmi_multaddsub.verilog may have changed because the following files changed:
                        C:\Users\Bernhard\my_designs\mira_test\source\impl_1\mipi_rx.vhd (2026-05-23 00:22:31, 2026-07-07 08:34:43) <-- (may instantiate this module)
                        C:\Users\Bernhard\my_designs\mira_test\source\impl_1\mira_test_top.vhd (2026-07-06 08:21:09, 2026-07-07 10:23:34) <-- (may instantiate this module)
                        C:\Users\Bernhard\my_designs\mira_test\source\impl_1\process_image.vhd (2026-05-23 00:19:06, 2026-07-07 10:27:36) <-- (may instantiate this module)
90       work.pmi_multaddsubsum.verilog may have changed because the following files changed:
                        C:\Users\Bernhard\my_designs\mira_test\source\impl_1\mipi_rx.vhd (2026-05-23 00:22:31, 2026-07-07 08:34:43) <-- (may instantiate this module)
                        C:\Users\Bernhard\my_designs\mira_test\source\impl_1\mira_test_top.vhd (2026-07-06 08:21:09, 2026-07-07 10:23:34) <-- (may instantiate this module)
                        C:\Users\Bernhard\my_designs\mira_test\source\impl_1\process_image.vhd (2026-05-23 00:19:06, 2026-07-07 10:27:36) <-- (may instantiate this module)
91       work.pmi_ram_dp.verilog may have changed because the following files changed:
                        C:\Users\Bernhard\my_designs\mira_test\source\impl_1\mipi_rx.vhd (2026-05-23 00:22:31, 2026-07-07 08:34:43) <-- (may instantiate this module)
                        C:\Users\Bernhard\my_designs\mira_test\source\impl_1\mira_test_top.vhd (2026-07-06 08:21:09, 2026-07-07 10:23:34) <-- (may instantiate this module)
                        C:\Users\Bernhard\my_designs\mira_test\source\impl_1\process_image.vhd (2026-05-23 00:19:06, 2026-07-07 10:27:36) <-- (may instantiate this module)
92       work.pmi_ram_dp_be.verilog may have changed because the following files changed:
                        C:\Users\Bernhard\my_designs\mira_test\source\impl_1\mipi_rx.vhd (2026-05-23 00:22:31, 2026-07-07 08:34:43) <-- (may instantiate this module)
                        C:\Users\Bernhard\my_designs\mira_test\source\impl_1\mira_test_top.vhd (2026-07-06 08:21:09, 2026-07-07 10:23:34) <-- (may instantiate this module)
                        C:\Users\Bernhard\my_designs\mira_test\source\impl_1\process_image.vhd (2026-05-23 00:19:06, 2026-07-07 10:27:36) <-- (may instantiate this module)
93       work.pmi_ram_dp_true.verilog may have changed because the following files changed:
                        C:\Users\Bernhard\my_designs\mira_test\source\impl_1\mipi_rx.vhd (2026-05-23 00:22:31, 2026-07-07 08:34:43) <-- (may instantiate this module)
                        C:\Users\Bernhard\my_designs\mira_test\source\impl_1\mira_test_top.vhd (2026-07-06 08:21:09, 2026-07-07 10:23:34) <-- (may instantiate this module)
                        C:\Users\Bernhard\my_designs\mira_test\source\impl_1\process_image.vhd (2026-05-23 00:19:06, 2026-07-07 10:27:36) <-- (may instantiate this module)
94       work.pmi_ram_dq.verilog may have changed because the following files changed:
                        C:\Users\Bernhard\my_designs\mira_test\source\impl_1\mipi_rx.vhd (2026-05-23 00:22:31, 2026-07-07 08:34:43) <-- (may instantiate this module)
                        C:\Users\Bernhard\my_designs\mira_test\source\impl_1\mira_test_top.vhd (2026-07-06 08:21:09, 2026-07-07 10:23:34) <-- (may instantiate this module)
                        C:\Users\Bernhard\my_designs\mira_test\source\impl_1\process_image.vhd (2026-05-23 00:19:06, 2026-07-07 10:27:36) <-- (may instantiate this module)
95       work.pmi_ram_dq_be.verilog may have changed because the following files changed:
                        C:\Users\Bernhard\my_designs\mira_test\source\impl_1\mipi_rx.vhd (2026-05-23 00:22:31, 2026-07-07 08:34:43) <-- (may instantiate this module)
                        C:\Users\Bernhard\my_designs\mira_test\source\impl_1\mira_test_top.vhd (2026-07-06 08:21:09, 2026-07-07 10:23:34) <-- (may instantiate this module)
                        C:\Users\Bernhard\my_designs\mira_test\source\impl_1\process_image.vhd (2026-05-23 00:19:06, 2026-07-07 10:27:36) <-- (may instantiate this module)
96       work.pmi_rom.verilog may have changed because the following files changed:
                        C:\Users\Bernhard\my_designs\mira_test\source\impl_1\mipi_rx.vhd (2026-05-23 00:22:31, 2026-07-07 08:34:43) <-- (may instantiate this module)
                        C:\Users\Bernhard\my_designs\mira_test\source\impl_1\mira_test_top.vhd (2026-07-06 08:21:09, 2026-07-07 10:23:34) <-- (may instantiate this module)
                        C:\Users\Bernhard\my_designs\mira_test\source\impl_1\process_image.vhd (2026-05-23 00:19:06, 2026-07-07 10:27:36) <-- (may instantiate this module)
97       work.pmi_sub.verilog may have changed because the following files changed:
                        C:\Users\Bernhard\my_designs\mira_test\source\impl_1\mipi_rx.vhd (2026-05-23 00:22:31, 2026-07-07 08:34:43) <-- (may instantiate this module)
                        C:\Users\Bernhard\my_designs\mira_test\source\impl_1\mira_test_top.vhd (2026-07-06 08:21:09, 2026-07-07 10:23:34) <-- (may instantiate this module)
                        C:\Users\Bernhard\my_designs\mira_test\source\impl_1\process_image.vhd (2026-05-23 00:19:06, 2026-07-07 10:27:36) <-- (may instantiate this module)
123      work.process_image.architecture_process_image may have changed because the following files changed:
                        C:\Users\Bernhard\my_designs\mira_test\source\impl_1\mira_test_top.vhd (2026-07-06 08:21:09, 2026-07-07 10:23:34) <-- (may instantiate this module)
                        C:\Users\Bernhard\my_designs\mira_test\source\impl_1\process_image.vhd (2026-05-23 00:19:06, 2026-07-07 10:27:36) <-- (architecture and entity definition)
125      work.process_image_out_fifo.verilog may have changed because the following files changed:
                        C:\Users\Bernhard\my_designs\mira_test\source\impl_1\mira_test_top.vhd (2026-07-06 08:21:09, 2026-07-07 10:23:34) <-- (may instantiate this module)
                        C:\Users\Bernhard\my_designs\mira_test\source\impl_1\process_image.vhd (2026-05-23 00:19:06, 2026-07-07 10:27:36) <-- (may instantiate this module)
126      work.process_image_out_fifo_ipgen_lscc_fifo.verilog may have changed because the following files changed:
                        C:\Users\Bernhard\my_designs\mira_test\source\impl_1\mira_test_top.vhd (2026-07-06 08:21:09, 2026-07-07 10:23:34) <-- (may instantiate this module)
                        C:\Users\Bernhard\my_designs\mira_test\source\impl_1\process_image.vhd (2026-05-23 00:19:06, 2026-07-07 10:27:36) <-- (may instantiate this module)
127      work.process_image_out_fifo_ipgen_lscc_fifo_fwft_fabric.verilog may have changed because the following files changed:
                        C:\Users\Bernhard\my_designs\mira_test\source\impl_1\mira_test_top.vhd (2026-07-06 08:21:09, 2026-07-07 10:23:34) <-- (may instantiate this module)
                        C:\Users\Bernhard\my_designs\mira_test\source\impl_1\process_image.vhd (2026-05-23 00:19:06, 2026-07-07 10:27:36) <-- (may instantiate this module)
128      work.process_image_out_fifo_ipgen_lscc_fifo_hw_core.verilog may have changed because the following files changed:
                        C:\Users\Bernhard\my_designs\mira_test\source\impl_1\mira_test_top.vhd (2026-07-06 08:21:09, 2026-07-07 10:23:34) <-- (may instantiate this module)
                        C:\Users\Bernhard\my_designs\mira_test\source\impl_1\process_image.vhd (2026-05-23 00:19:06, 2026-07-07 10:27:36) <-- (may instantiate this module)
129      work.process_image_out_fifo_ipgen_lscc_fifo_main.verilog may have changed because the following files changed:
                        C:\Users\Bernhard\my_designs\mira_test\source\impl_1\mira_test_top.vhd (2026-07-06 08:21:09, 2026-07-07 10:23:34) <-- (may instantiate this module)
                        C:\Users\Bernhard\my_designs\mira_test\source\impl_1\process_image.vhd (2026-05-23 00:19:06, 2026-07-07 10:27:36) <-- (may instantiate this module)
130      work.process_image_out_fifo_ipgen_lscc_hard_fifo.verilog may have changed because the following files changed:
                        C:\Users\Bernhard\my_designs\mira_test\source\impl_1\mira_test_top.vhd (2026-07-06 08:21:09, 2026-07-07 10:23:34) <-- (may instantiate this module)
                        C:\Users\Bernhard\my_designs\mira_test\source\impl_1\process_image.vhd (2026-05-23 00:19:06, 2026-07-07 10:27:36) <-- (may instantiate this module)
131      work.process_image_out_fifo_ipgen_lscc_soft_fifo.verilog may have changed because the following files changed:
                        C:\Users\Bernhard\my_designs\mira_test\source\impl_1\mira_test_top.vhd (2026-07-06 08:21:09, 2026-07-07 10:23:34) <-- (may instantiate this module)
                        C:\Users\Bernhard\my_designs\mira_test\source\impl_1\process_image.vhd (2026-05-23 00:19:06, 2026-07-07 10:27:36) <-- (may instantiate this module)
115      work.uart_rx.behavioral may have changed because the following files changed:
                        C:\Users\Bernhard\my_designs\mira_test\source\impl_1\mira_test_top.vhd (2026-07-06 08:21:09, 2026-07-07 10:23:34) <-- (may instantiate this module)
113      work.uart_tx.behavioral may have changed because the following files changed:
                        C:\Users\Bernhard\my_designs\mira_test\source\impl_1\mira_test_top.vhd (2026-07-06 08:21:09, 2026-07-07 10:23:34) <-- (may instantiate this module)

*******************************************************************
Unmodified files: 66
FID:  path (timestamp)
67       C:\Users\Bernhard\my_designs\mira_test\main_pll\rtl\main_pll.v (2026-04-30 13:51:05)
62       C:\Users\Bernhard\my_designs\mira_test\mipi_cross_clk_fifo\rtl\mipi_cross_clk_fifo.v (2026-04-30 21:23:37)
1        C:\Users\Bernhard\my_designs\mira_test\mipi_dphy_rx\rtl\mipi_dphy_rx.v (2026-04-30 13:50:29)
68       C:\Users\Bernhard\my_designs\mira_test\process_image_out_fifo\rtl\process_image_out_fifo.v (2026-07-06 10:19:58)
66       C:\Users\Bernhard\my_designs\mira_test\source\impl_1\uart_rx.vhd (2023-08-14 22:29:41)
65       C:\Users\Bernhard\my_designs\mira_test\source\impl_1\uart_tx.vhd (2026-05-18 08:11:54)
3        C:\lscc\radiant\2025.2\ip\pmi\../LFMXO4/ram_dp/rtl/lscc_lfmxo4_ram_dp.v (2025-11-12 07:20:48)
4        C:\lscc\radiant\2025.2\ip\pmi\../LFMXO4/ram_dp_true/rtl/lscc_lfmxo4_ram_dp_true.v (2025-10-17 21:21:40)
5        C:\lscc\radiant\2025.2\ip\pmi\../LFMXO4/ram_dq/rtl/lscc_lfmxo4_ram_dq.v (2025-11-13 19:20:42)
6        C:\lscc\radiant\2025.2\ip\pmi\../common/adder/rtl/lscc_adder.v (2025-10-17 21:21:42)
7        C:\lscc\radiant\2025.2\ip\pmi\../common/adder_subtractor/rtl/lscc_add_sub.v (2025-10-17 21:21:42)
8        C:\lscc\radiant\2025.2\ip\pmi\../common/complex_mult/rtl/lscc_complex_mult.v (2025-10-17 21:21:42)
9        C:\lscc\radiant\2025.2\ip\pmi\../common/counter/rtl/lscc_cntr.v (2025-10-17 21:21:42)
10       C:\lscc\radiant\2025.2\ip\pmi\../common/distributed_dpram/rtl/lscc_distributed_dpram.v (2025-10-17 21:21:42)
11       C:\lscc\radiant\2025.2\ip\pmi\../common/distributed_rom/rtl/lscc_distributed_rom.v (2025-10-17 21:21:42)
12       C:\lscc\radiant\2025.2\ip\pmi\../common/distributed_spram/rtl/lscc_distributed_spram.v (2025-10-17 21:21:42)
13       C:\lscc\radiant\2025.2\ip\pmi\../common/fifo/rtl/lscc_fifo.v (2025-10-17 21:21:42)
14       C:\lscc\radiant\2025.2\ip\pmi\../common/fifo_dc/rtl/lscc_fifo_dc.v (2025-10-17 21:21:43)
15       C:\lscc\radiant\2025.2\ip\pmi\../common/mult_accumulate/rtl/lscc_mult_accumulate.v (2025-10-17 21:21:44)
16       C:\lscc\radiant\2025.2\ip\pmi\../common/mult_add_sub/rtl/lscc_mult_add_sub.v (2025-10-17 21:21:44)
17       C:\lscc\radiant\2025.2\ip\pmi\../common/mult_add_sub_sum/rtl/lscc_mult_add_sub_sum.v (2025-10-17 21:21:44)
18       C:\lscc\radiant\2025.2\ip\pmi\../common/multiplier/rtl/lscc_multiplier.v (2025-10-17 21:21:44)
19       C:\lscc\radiant\2025.2\ip\pmi\../common/ram_dp/rtl/lscc_ram_dp.v (2025-10-17 21:21:44)
20       C:\lscc\radiant\2025.2\ip\pmi\../common/ram_dp_true/rtl/lscc_ram_dp_true.v (2025-10-17 21:21:45)
21       C:\lscc\radiant\2025.2\ip\pmi\../common/ram_dq/rtl/lscc_ram_dq.v (2025-10-17 21:21:45)
22       C:\lscc\radiant\2025.2\ip\pmi\../common/ram_shift_reg/rtl/lscc_shift_register.v (2025-10-17 21:21:45)
23       C:\lscc\radiant\2025.2\ip\pmi\../common/rom/rtl/lscc_rom.v (2025-10-17 21:21:45)
24       C:\lscc\radiant\2025.2\ip\pmi\../common/subtractor/rtl/lscc_subtractor.v (2025-10-17 21:21:45)
25       C:\lscc\radiant\2025.2\ip\pmi\pmi_add.v (2025-10-17 21:21:47)
26       C:\lscc\radiant\2025.2\ip\pmi\pmi_addsub.v (2025-10-17 21:21:47)
27       C:\lscc\radiant\2025.2\ip\pmi\pmi_complex_mult.v (2025-10-17 21:21:47)
28       C:\lscc\radiant\2025.2\ip\pmi\pmi_counter.v (2025-10-17 21:21:47)
29       C:\lscc\radiant\2025.2\ip\pmi\pmi_distributed_dpram.v (2025-10-17 21:21:47)
30       C:\lscc\radiant\2025.2\ip\pmi\pmi_distributed_rom.v (2025-10-17 21:21:47)
31       C:\lscc\radiant\2025.2\ip\pmi\pmi_distributed_shift_reg.v (2025-10-17 21:21:47)
32       C:\lscc\radiant\2025.2\ip\pmi\pmi_distributed_spram.v (2025-10-17 21:21:47)
33       C:\lscc\radiant\2025.2\ip\pmi\pmi_fifo.v (2025-10-17 21:21:47)
34       C:\lscc\radiant\2025.2\ip\pmi\pmi_fifo_dc.v (2025-10-17 21:21:47)
35       C:\lscc\radiant\2025.2\ip\pmi\pmi_lifcl.v (2025-10-17 21:21:47)
36       C:\lscc\radiant\2025.2\ip\pmi\pmi_lifcl.vhd (2025-10-17 21:21:47)
37       C:\lscc\radiant\2025.2\ip\pmi\pmi_mac.v (2025-10-17 21:21:47)
38       C:\lscc\radiant\2025.2\ip\pmi\pmi_mult.v (2025-10-17 21:21:47)
39       C:\lscc\radiant\2025.2\ip\pmi\pmi_multaddsub.v (2025-10-17 21:21:47)
40       C:\lscc\radiant\2025.2\ip\pmi\pmi_multaddsubsum.v (2025-10-17 21:21:47)
41       C:\lscc\radiant\2025.2\ip\pmi\pmi_ram_dp.v (2025-10-17 21:21:47)
42       C:\lscc\radiant\2025.2\ip\pmi\pmi_ram_dp_be.v (2025-10-17 21:21:47)
43       C:\lscc\radiant\2025.2\ip\pmi\pmi_ram_dp_true.v (2025-10-17 21:21:47)
44       C:\lscc\radiant\2025.2\ip\pmi\pmi_ram_dq.v (2025-10-17 21:21:47)
45       C:\lscc\radiant\2025.2\ip\pmi\pmi_ram_dq_be.v (2025-10-17 21:21:47)
46       C:\lscc\radiant\2025.2\ip\pmi\pmi_rom.v (2025-10-17 21:21:47)
47       C:\lscc\radiant\2025.2\ip\pmi\pmi_sub.v (2025-10-17 21:21:47)
48       C:\lscc\radiant\2025.2\synpbase\lib\lucent\lifcl.v (2025-12-03 22:29:32)
49       C:\lscc\radiant\2025.2\synpbase\lib\lucent\pmi_def.v (2025-11-11 06:43:29)
71       C:\lscc\radiant\2025.2\synpbase\lib\vhd2008\arith.vhd (2025-11-11 09:28:55)
72       C:\lscc\radiant\2025.2\synpbase\lib\vhd2008\location.map (2025-11-12 05:44:59)
73       C:\lscc\radiant\2025.2\synpbase\lib\vhd2008\numeric.vhd (2025-11-11 09:47:41)
74       C:\lscc\radiant\2025.2\synpbase\lib\vhd2008\std.vhd (2025-11-11 09:28:56)
75       C:\lscc\radiant\2025.2\synpbase\lib\vhd2008\std1164.vhd (2025-11-11 09:28:56)
76       C:\lscc\radiant\2025.2\synpbase\lib\vhd2008\std_textio.vhd (2025-11-11 09:28:56)
77       C:\lscc\radiant\2025.2\synpbase\lib\vhd2008\unsigned.vhd (2025-11-11 09:28:56)
51       C:\lscc\radiant\2025.2\synpbase\lib\vhd\hyperents.vhd (2025-11-11 09:28:54)
54       C:\lscc\radiant\2025.2\synpbase\lib\vhd\snps_haps_pkg.vhd (2025-11-11 09:28:55)
57       C:\lscc\radiant\2025.2\synpbase\lib\vhd\umr_capim.vhd (2025-11-11 09:28:55)
59       C:\lscc\radiant\2025.2\synpbase\lib\vlog\hypermods.v (2025-11-11 09:28:53)
60       C:\lscc\radiant\2025.2\synpbase\lib\vlog\scemi_objects.v (2025-11-11 09:28:53)
61       C:\lscc\radiant\2025.2\synpbase\lib\vlog\scemi_pipes.svh (2025-11-11 09:28:53)

*******************************************************************
Unchanged modules: 0
MID:  lib.cell.view
